Note: To activate spack load and command completion you need to set up
      shell support. In order to do this please run the following command:
source $SPACK_ROOT/share/spack/setup-env.sh
==> Error: Spec 'miniconda' matches no installed packages.
Requirement already satisfied: pandas in /user/asuka.kuwahara/u27871/envs/irony/lib/python3.11/site-packages (from -r requirements.txt (line 1)) (3.0.4)
Requirement already satisfied: numpy in /user/asuka.kuwahara/u27871/envs/irony/lib/python3.11/site-packages (from -r requirements.txt (line 2)) (2.4.6)
Requirement already satisfied: scikit-learn in /user/asuka.kuwahara/u27871/envs/irony/lib/python3.11/site-packages (from -r requirements.txt (line 3)) (1.9.0)
Requirement already satisfied: torch in /user/asuka.kuwahara/u27871/envs/irony/lib/python3.11/site-packages (from -r requirements.txt (line 4)) (2.12.1)
Requirement already satisfied: transformers in /user/asuka.kuwahara/u27871/envs/irony/lib/python3.11/site-packages (from -r requirements.txt (line 5)) (5.12.1)
Requirement already satisfied: python-dateutil>=2.8.2 in /user/asuka.kuwahara/u27871/envs/irony/lib/python3.11/site-packages (from pandas->-r requirements.txt (line 1)) (2.9.0.post0)
Requirement already satisfied: scipy>=1.10.0 in /user/asuka.kuwahara/u27871/envs/irony/lib/python3.11/site-packages (from scikit-learn->-r requirements.txt (line 3)) (1.17.1)
Requirement already satisfied: joblib>=1.4.0 in /user/asuka.kuwahara/u27871/envs/irony/lib/python3.11/site-packages (from scikit-learn->-r requirements.txt (line 3)) (1.5.3)
Requirement already satisfied: narwhals>=2.0.1 in /user/asuka.kuwahara/u27871/envs/irony/lib/python3.11/site-packages (from scikit-learn->-r requirements.txt (line 3)) (2.22.1)
Requirement already satisfied: threadpoolctl>=3.5.0 in /user/asuka.kuwahara/u27871/envs/irony/lib/python3.11/site-packages (from scikit-learn->-r requirements.txt (line 3)) (3.6.0)
Requirement already satisfied: filelock in /user/asuka.kuwahara/u27871/envs/irony/lib/python3.11/site-packages (from torch->-r requirements.txt (line 4)) (3.29.4)
Requirement already satisfied: typing-extensions>=4.10.0 in /user/asuka.kuwahara/u27871/envs/irony/lib/python3.11/site-packages (from torch->-r requirements.txt (line 4)) (4.15.0)
Requirement already satisfied: setuptools<82 in /user/asuka.kuwahara/u27871/envs/irony/lib/python3.11/site-packages (from torch->-r requirements.txt (line 4)) (65.5.0)
Requirement already satisfied: sympy>=1.13.3 in /user/asuka.kuwahara/u27871/envs/irony/lib/python3.11/site-packages (from torch->-r requirements.txt (line 4)) (1.14.0)
Requirement already satisfied: networkx>=2.5.1 in /user/asuka.kuwahara/u27871/envs/irony/lib/python3.11/site-packages (from torch->-r requirements.txt (line 4)) (3.6.1)
Requirement already satisfied: jinja2 in /user/asuka.kuwahara/u27871/envs/irony/lib/python3.11/site-packages (from torch->-r requirements.txt (line 4)) (3.1.6)
Requirement already satisfied: fsspec>=0.8.5 in /user/asuka.kuwahara/u27871/envs/irony/lib/python3.11/site-packages (from torch->-r requirements.txt (line 4)) (2026.6.0)
Requirement already satisfied: cuda-toolkit==13.0.2 in /user/asuka.kuwahara/u27871/envs/irony/lib/python3.11/site-packages (from cuda-toolkit[cudart,cufft,cufile,cupti,curand,cusolver,cusparse,nvjitlink,nvrtc,nvtx]==13.0.2; platform_system == "Linux"->torch->-r requirements.txt (line 4)) (13.0.2)
Requirement already satisfied: nvidia-cublas<=13.1.1.3,>=13.1.0.3 in /user/asuka.kuwahara/u27871/envs/irony/lib/python3.11/site-packages (from torch->-r requirements.txt (line 4)) (13.1.1.3)
Requirement already satisfied: cuda-bindings<14,>=13.0.3 in /user/asuka.kuwahara/u27871/envs/irony/lib/python3.11/site-packages (from torch->-r requirements.txt (line 4)) (13.3.1)
Requirement already satisfied: nvidia-cudnn-cu13==9.20.0.48 in /user/asuka.kuwahara/u27871/envs/irony/lib/python3.11/site-packages (from torch->-r requirements.txt (line 4)) (9.20.0.48)
Requirement already satisfied: nvidia-cusparselt-cu13==0.8.1 in /user/asuka.kuwahara/u27871/envs/irony/lib/python3.11/site-packages (from torch->-r requirements.txt (line 4)) (0.8.1)
Requirement already satisfied: nvidia-nccl-cu13==2.29.7 in /user/asuka.kuwahara/u27871/envs/irony/lib/python3.11/site-packages (from torch->-r requirements.txt (line 4)) (2.29.7)
Requirement already satisfied: nvidia-nvshmem-cu13==3.4.5 in /user/asuka.kuwahara/u27871/envs/irony/lib/python3.11/site-packages (from torch->-r requirements.txt (line 4)) (3.4.5)
Requirement already satisfied: triton==3.7.1 in /user/asuka.kuwahara/u27871/envs/irony/lib/python3.11/site-packages (from torch->-r requirements.txt (line 4)) (3.7.1)
Requirement already satisfied: nvidia-cuda-runtime==13.0.96.* in /user/asuka.kuwahara/u27871/envs/irony/lib/python3.11/site-packages (from cuda-toolkit[cudart,cufft,cufile,cupti,curand,cusolver,cusparse,nvjitlink,nvrtc,nvtx]==13.0.2; platform_system == "Linux"->torch->-r requirements.txt (line 4)) (13.0.96)
Requirement already satisfied: nvidia-cufft==12.0.0.61.* in /user/asuka.kuwahara/u27871/envs/irony/lib/python3.11/site-packages (from cuda-toolkit[cudart,cufft,cufile,cupti,curand,cusolver,cusparse,nvjitlink,nvrtc,nvtx]==13.0.2; platform_system == "Linux"->torch->-r requirements.txt (line 4)) (12.0.0.61)
Requirement already satisfied: nvidia-cufile==1.15.1.6.* in /user/asuka.kuwahara/u27871/envs/irony/lib/python3.11/site-packages (from cuda-toolkit[cudart,cufft,cufile,cupti,curand,cusolver,cusparse,nvjitlink,nvrtc,nvtx]==13.0.2; platform_system == "Linux"->torch->-r requirements.txt (line 4)) (1.15.1.6)
Requirement already satisfied: nvidia-cuda-cupti==13.0.85.* in /user/asuka.kuwahara/u27871/envs/irony/lib/python3.11/site-packages (from cuda-toolkit[cudart,cufft,cufile,cupti,curand,cusolver,cusparse,nvjitlink,nvrtc,nvtx]==13.0.2; platform_system == "Linux"->torch->-r requirements.txt (line 4)) (13.0.85)
Requirement already satisfied: nvidia-curand==10.4.0.35.* in /user/asuka.kuwahara/u27871/envs/irony/lib/python3.11/site-packages (from cuda-toolkit[cudart,cufft,cufile,cupti,curand,cusolver,cusparse,nvjitlink,nvrtc,nvtx]==13.0.2; platform_system == "Linux"->torch->-r requirements.txt (line 4)) (10.4.0.35)
Requirement already satisfied: nvidia-cusolver==12.0.4.66.* in /user/asuka.kuwahara/u27871/envs/irony/lib/python3.11/site-packages (from cuda-toolkit[cudart,cufft,cufile,cupti,curand,cusolver,cusparse,nvjitlink,nvrtc,nvtx]==13.0.2; platform_system == "Linux"->torch->-r requirements.txt (line 4)) (12.0.4.66)
Requirement already satisfied: nvidia-cusparse==12.6.3.3.* in /user/asuka.kuwahara/u27871/envs/irony/lib/python3.11/site-packages (from cuda-toolkit[cudart,cufft,cufile,cupti,curand,cusolver,cusparse,nvjitlink,nvrtc,nvtx]==13.0.2; platform_system == "Linux"->torch->-r requirements.txt (line 4)) (12.6.3.3)
Requirement already satisfied: nvidia-nvjitlink==13.0.88.* in /user/asuka.kuwahara/u27871/envs/irony/lib/python3.11/site-packages (from cuda-toolkit[cudart,cufft,cufile,cupti,curand,cusolver,cusparse,nvjitlink,nvrtc,nvtx]==13.0.2; platform_system == "Linux"->torch->-r requirements.txt (line 4)) (13.0.88)
Requirement already satisfied: nvidia-cuda-nvrtc==13.0.88.* in /user/asuka.kuwahara/u27871/envs/irony/lib/python3.11/site-packages (from cuda-toolkit[cudart,cufft,cufile,cupti,curand,cusolver,cusparse,nvjitlink,nvrtc,nvtx]==13.0.2; platform_system == "Linux"->torch->-r requirements.txt (line 4)) (13.0.88)
Requirement already satisfied: nvidia-nvtx==13.0.85.* in /user/asuka.kuwahara/u27871/envs/irony/lib/python3.11/site-packages (from cuda-toolkit[cudart,cufft,cufile,cupti,curand,cusolver,cusparse,nvjitlink,nvrtc,nvtx]==13.0.2; platform_system == "Linux"->torch->-r requirements.txt (line 4)) (13.0.85)
Requirement already satisfied: huggingface-hub<2.0,>=1.5.0 in /user/asuka.kuwahara/u27871/envs/irony/lib/python3.11/site-packages (from transformers->-r requirements.txt (line 5)) (1.21.0)
Requirement already satisfied: packaging>=20.0 in /user/asuka.kuwahara/u27871/envs/irony/lib/python3.11/site-packages (from transformers->-r requirements.txt (line 5)) (26.2)
Requirement already satisfied: pyyaml>=5.1 in /user/asuka.kuwahara/u27871/envs/irony/lib/python3.11/site-packages (from transformers->-r requirements.txt (line 5)) (6.0.3)
Requirement already satisfied: regex>=2025.10.22 in /user/asuka.kuwahara/u27871/envs/irony/lib/python3.11/site-packages (from transformers->-r requirements.txt (line 5)) (2026.6.28)
Requirement already satisfied: tokenizers<=0.23.0,>=0.22.0 in /user/asuka.kuwahara/u27871/envs/irony/lib/python3.11/site-packages (from transformers->-r requirements.txt (line 5)) (0.22.2)
Requirement already satisfied: typer in /user/asuka.kuwahara/u27871/envs/irony/lib/python3.11/site-packages (from transformers->-r requirements.txt (line 5)) (0.25.1)
Requirement already satisfied: safetensors>=0.4.3 in /user/asuka.kuwahara/u27871/envs/irony/lib/python3.11/site-packages (from transformers->-r requirements.txt (line 5)) (0.8.0)
Requirement already satisfied: tqdm>=4.60 in /user/asuka.kuwahara/u27871/envs/irony/lib/python3.11/site-packages (from transformers->-r requirements.txt (line 5)) (4.68.3)
Requirement already satisfied: cuda-pathfinder>=1.4.2 in /user/asuka.kuwahara/u27871/envs/irony/lib/python3.11/site-packages (from cuda-bindings<14,>=13.0.3->torch->-r requirements.txt (line 4)) (1.5.5)
Requirement already satisfied: click>=8.4.0 in /user/asuka.kuwahara/u27871/envs/irony/lib/python3.11/site-packages (from huggingface-hub<2.0,>=1.5.0->transformers->-r requirements.txt (line 5)) (8.4.2)
Requirement already satisfied: hf-xet<2.0.0,>=1.5.1 in /user/asuka.kuwahara/u27871/envs/irony/lib/python3.11/site-packages (from huggingface-hub<2.0,>=1.5.0->transformers->-r requirements.txt (line 5)) (1.5.1)
Requirement already satisfied: httpx<1,>=0.23.0 in /user/asuka.kuwahara/u27871/envs/irony/lib/python3.11/site-packages (from huggingface-hub<2.0,>=1.5.0->transformers->-r requirements.txt (line 5)) (0.28.1)
Requirement already satisfied: six>=1.5 in /user/asuka.kuwahara/u27871/envs/irony/lib/python3.11/site-packages (from python-dateutil>=2.8.2->pandas->-r requirements.txt (line 1)) (1.17.0)
Requirement already satisfied: mpmath<1.4,>=1.1.0 in /user/asuka.kuwahara/u27871/envs/irony/lib/python3.11/site-packages (from sympy>=1.13.3->torch->-r requirements.txt (line 4)) (1.3.0)
Requirement already satisfied: shellingham>=1.3.0 in /user/asuka.kuwahara/u27871/envs/irony/lib/python3.11/site-packages (from typer->transformers->-r requirements.txt (line 5)) (1.5.4)
Requirement already satisfied: rich>=13.8.0 in /user/asuka.kuwahara/u27871/envs/irony/lib/python3.11/site-packages (from typer->transformers->-r requirements.txt (line 5)) (15.0.0)
Requirement already satisfied: annotated-doc>=0.0.2 in /user/asuka.kuwahara/u27871/envs/irony/lib/python3.11/site-packages (from typer->transformers->-r requirements.txt (line 5)) (0.0.4)
Requirement already satisfied: MarkupSafe>=2.0 in /user/asuka.kuwahara/u27871/envs/irony/lib/python3.11/site-packages (from jinja2->torch->-r requirements.txt (line 4)) (3.0.3)
Requirement already satisfied: anyio in /user/asuka.kuwahara/u27871/envs/irony/lib/python3.11/site-packages (from httpx<1,>=0.23.0->huggingface-hub<2.0,>=1.5.0->transformers->-r requirements.txt (line 5)) (4.14.1)
Requirement already satisfied: certifi in /user/asuka.kuwahara/u27871/envs/irony/lib/python3.11/site-packages (from httpx<1,>=0.23.0->huggingface-hub<2.0,>=1.5.0->transformers->-r requirements.txt (line 5)) (2026.6.17)
Requirement already satisfied: httpcore==1.* in /user/asuka.kuwahara/u27871/envs/irony/lib/python3.11/site-packages (from httpx<1,>=0.23.0->huggingface-hub<2.0,>=1.5.0->transformers->-r requirements.txt (line 5)) (1.0.9)
Requirement already satisfied: idna in /user/asuka.kuwahara/u27871/envs/irony/lib/python3.11/site-packages (from httpx<1,>=0.23.0->huggingface-hub<2.0,>=1.5.0->transformers->-r requirements.txt (line 5)) (3.18)
Requirement already satisfied: h11>=0.16 in /user/asuka.kuwahara/u27871/envs/irony/lib/python3.11/site-packages (from httpcore==1.*->httpx<1,>=0.23.0->huggingface-hub<2.0,>=1.5.0->transformers->-r requirements.txt (line 5)) (0.16.0)
Requirement already satisfied: markdown-it-py>=2.2.0 in /user/asuka.kuwahara/u27871/envs/irony/lib/python3.11/site-packages (from rich>=13.8.0->typer->transformers->-r requirements.txt (line 5)) (4.2.0)
Requirement already satisfied: pygments<3.0.0,>=2.13.0 in /user/asuka.kuwahara/u27871/envs/irony/lib/python3.11/site-packages (from rich>=13.8.0->typer->transformers->-r requirements.txt (line 5)) (2.20.0)
Requirement already satisfied: mdurl~=0.1 in /user/asuka.kuwahara/u27871/envs/irony/lib/python3.11/site-packages (from markdown-it-py>=2.2.0->rich>=13.8.0->typer->transformers->-r requirements.txt (line 5)) (0.1.2)

[notice] A new release of pip is available: 24.0 -> 26.1.2
[notice] To update, run: pip install --upgrade pip
The token has not been saved to the git credentials helper. Pass `add_to_git_credential=True` in this function directly or `--add-to-git-credential` if using via `hf`CLI if you want to set the git credential as well.
Traceback (most recent call last):
  File "/user/asuka.kuwahara/u27871/envs/irony/lib/python3.11/site-packages/httpx/_transports/default.py", line 101, in map_httpcore_exceptions
    yield
  File "/user/asuka.kuwahara/u27871/envs/irony/lib/python3.11/site-packages/httpx/_transports/default.py", line 250, in handle_request
    resp = self._pool.handle_request(req)
           ^^^^^^^^^^^^^^^^^^^^^^^^^^^^^^
  File "/user/asuka.kuwahara/u27871/envs/irony/lib/python3.11/site-packages/httpcore/_sync/connection_pool.py", line 256, in handle_request
    raise exc from None
  File "/user/asuka.kuwahara/u27871/envs/irony/lib/python3.11/site-packages/httpcore/_sync/connection_pool.py", line 236, in handle_request
    response = connection.handle_request(
               ^^^^^^^^^^^^^^^^^^^^^^^^^^
  File "/user/asuka.kuwahara/u27871/envs/irony/lib/python3.11/site-packages/httpcore/_sync/connection.py", line 101, in handle_request
    raise exc
  File "/user/asuka.kuwahara/u27871/envs/irony/lib/python3.11/site-packages/httpcore/_sync/connection.py", line 78, in handle_request
    stream = self._connect(request)
             ^^^^^^^^^^^^^^^^^^^^^^
  File "/user/asuka.kuwahara/u27871/envs/irony/lib/python3.11/site-packages/httpcore/_sync/connection.py", line 124, in _connect
    stream = self._network_backend.connect_tcp(**kwargs)
             ^^^^^^^^^^^^^^^^^^^^^^^^^^^^^^^^^^^^^^^^^^^
  File "/user/asuka.kuwahara/u27871/envs/irony/lib/python3.11/site-packages/httpcore/_backends/sync.py", line 207, in connect_tcp
    with map_exceptions(exc_map):
  File "/sw/rev/25.04/rome_mofed_cuda80_rocky8/linux-rocky8-zen2/gcc-13.2.0/python-3.11.9-kukywutwnl5yzx55y6qol3awkq2g7vw6/lib/python3.11/contextlib.py", line 158, in __exit__
    self.gen.throw(typ, value, traceback)
  File "/user/asuka.kuwahara/u27871/envs/irony/lib/python3.11/site-packages/httpcore/_exceptions.py", line 14, in map_exceptions
    raise to_exc(exc) from exc
httpcore.ConnectError: [Errno 101] Network is unreachable

The above exception was the direct cause of the following exception:

Traceback (most recent call last):
  File "/user/asuka.kuwahara/u27871/envs/irony/bin/hf", line 8, in <module>
    sys.exit(main())
             ^^^^^^
  File "/user/asuka.kuwahara/u27871/envs/irony/lib/python3.11/site-packages/huggingface_hub/cli/hf.py", line 117, in main
    app()
  File "/user/asuka.kuwahara/u27871/envs/irony/lib/python3.11/site-packages/typer/main.py", line 1152, in __call__
    raise e
  File "/user/asuka.kuwahara/u27871/envs/irony/lib/python3.11/site-packages/typer/main.py", line 1135, in __call__
    return get_command(self)(*args, **kwargs)
           ^^^^^^^^^^^^^^^^^^^^^^^^^^^^^^^^^^
  File "/user/asuka.kuwahara/u27871/envs/irony/lib/python3.11/site-packages/click/core.py", line 1569, in __call__
    return self.main(*args, **kwargs)
           ^^^^^^^^^^^^^^^^^^^^^^^^^^
  File "/user/asuka.kuwahara/u27871/envs/irony/lib/python3.11/site-packages/typer/core.py", line 794, in main
    return _main(
           ^^^^^^
  File "/user/asuka.kuwahara/u27871/envs/irony/lib/python3.11/site-packages/typer/core.py", line 188, in _main
    rv = self.invoke(ctx)
         ^^^^^^^^^^^^^^^^
  File "/user/asuka.kuwahara/u27871/envs/irony/lib/python3.11/site-packages/huggingface_hub/cli/_cli_utils.py", line 132, in invoke
    return super().invoke(ctx)
           ^^^^^^^^^^^^^^^^^^^
  File "/user/asuka.kuwahara/u27871/envs/irony/lib/python3.11/site-packages/click/core.py", line 1970, in invoke
    return _process_result(sub_ctx.command.invoke(sub_ctx))
                           ^^^^^^^^^^^^^^^^^^^^^^^^^^^^^^^
  File "/user/asuka.kuwahara/u27871/envs/irony/lib/python3.11/site-packages/huggingface_hub/cli/_cli_utils.py", line 132, in invoke
    return super().invoke(ctx)
           ^^^^^^^^^^^^^^^^^^^
  File "/user/asuka.kuwahara/u27871/envs/irony/lib/python3.11/site-packages/click/core.py", line 1970, in invoke
    return _process_result(sub_ctx.command.invoke(sub_ctx))
                           ^^^^^^^^^^^^^^^^^^^^^^^^^^^^^^^
  File "/user/asuka.kuwahara/u27871/envs/irony/lib/python3.11/site-packages/click/core.py", line 1353, in invoke
    return ctx.invoke(self.callback, **ctx.params)
           ^^^^^^^^^^^^^^^^^^^^^^^^^^^^^^^^^^^^^^^
  File "/user/asuka.kuwahara/u27871/envs/irony/lib/python3.11/site-packages/click/core.py", line 907, in invoke
    return callback(*args, **kwargs)
           ^^^^^^^^^^^^^^^^^^^^^^^^^
  File "/user/asuka.kuwahara/u27871/envs/irony/lib/python3.11/site-packages/typer/main.py", line 1514, in wrapper
    return callback(**use_params)
           ^^^^^^^^^^^^^^^^^^^^^^
  File "/user/asuka.kuwahara/u27871/envs/irony/lib/python3.11/site-packages/huggingface_hub/cli/auth.py", line 84, in auth_login
    login(token=token, add_to_git_credential=add_to_git_credential, skip_if_logged_in=not force)
  File "/user/asuka.kuwahara/u27871/envs/irony/lib/python3.11/site-packages/huggingface_hub/_login.py", line 107, in login
    _validate_and_save_token(token, add_to_git_credential=add_to_git_credential)
  File "/user/asuka.kuwahara/u27871/envs/irony/lib/python3.11/site-packages/huggingface_hub/_login.py", line 429, in _validate_and_save_token
    token_info = whoami(token)
                 ^^^^^^^^^^^^^
  File "/user/asuka.kuwahara/u27871/envs/irony/lib/python3.11/site-packages/huggingface_hub/utils/_validators.py", line 88, in _inner_fn
    return fn(*args, **kwargs)
           ^^^^^^^^^^^^^^^^^^^
  File "/user/asuka.kuwahara/u27871/envs/irony/lib/python3.11/site-packages/huggingface_hub/hf_api.py", line 2342, in whoami
    output = self._inner_whoami(token=token)
             ^^^^^^^^^^^^^^^^^^^^^^^^^^^^^^^
  File "/user/asuka.kuwahara/u27871/envs/irony/lib/python3.11/site-packages/huggingface_hub/hf_api.py", line 2350, in _inner_whoami
    r = get_session().get(
        ^^^^^^^^^^^^^^^^^^
  File "/user/asuka.kuwahara/u27871/envs/irony/lib/python3.11/site-packages/httpx/_client.py", line 1053, in get
    return self.request(
           ^^^^^^^^^^^^^
  File "/user/asuka.kuwahara/u27871/envs/irony/lib/python3.11/site-packages/httpx/_client.py", line 825, in request
    return self.send(request, auth=auth, follow_redirects=follow_redirects)
           ^^^^^^^^^^^^^^^^^^^^^^^^^^^^^^^^^^^^^^^^^^^^^^^^^^^^^^^^^^^^^^^^
  File "/user/asuka.kuwahara/u27871/envs/irony/lib/python3.11/site-packages/httpx/_client.py", line 914, in send
    response = self._send_handling_auth(
               ^^^^^^^^^^^^^^^^^^^^^^^^^
  File "/user/asuka.kuwahara/u27871/envs/irony/lib/python3.11/site-packages/httpx/_client.py", line 942, in _send_handling_auth
    response = self._send_handling_redirects(
               ^^^^^^^^^^^^^^^^^^^^^^^^^^^^^^
  File "/user/asuka.kuwahara/u27871/envs/irony/lib/python3.11/site-packages/httpx/_client.py", line 979, in _send_handling_redirects
    response = self._send_single_request(request)
               ^^^^^^^^^^^^^^^^^^^^^^^^^^^^^^^^^^
  File "/user/asuka.kuwahara/u27871/envs/irony/lib/python3.11/site-packages/httpx/_client.py", line 1014, in _send_single_request
    response = transport.handle_request(request)
               ^^^^^^^^^^^^^^^^^^^^^^^^^^^^^^^^^
  File "/user/asuka.kuwahara/u27871/envs/irony/lib/python3.11/site-packages/httpx/_transports/default.py", line 249, in handle_request
    with map_httpcore_exceptions():
  File "/sw/rev/25.04/rome_mofed_cuda80_rocky8/linux-rocky8-zen2/gcc-13.2.0/python-3.11.9-kukywutwnl5yzx55y6qol3awkq2g7vw6/lib/python3.11/contextlib.py", line 158, in __exit__
    self.gen.throw(typ, value, traceback)
  File "/user/asuka.kuwahara/u27871/envs/irony/lib/python3.11/site-packages/httpx/_transports/default.py", line 118, in map_httpcore_exceptions
    raise mapped_exc(message) from exc
httpx.ConnectError: [Errno 101] Network is unreachable
Traceback (most recent call last):
  File "/mnt/vast-kisski/home/asuka.kuwahara/u27871/MCA_irony_LLM/run_inference.py", line 13, in <module>
    from util.tokenizer import build_prompt
  File "/mnt/vast-kisski/home/asuka.kuwahara/u27871/MCA_irony_LLM/util/tokenizer.py", line 16, in <module>
    from util.constants import (MAX_CONTEXT, MODELS, PROMPT_FILES)
  File "/mnt/vast-kisski/home/asuka.kuwahara/u27871/MCA_irony_LLM/util/constants.py", line 58
    }
    ^
SyntaxError: unmatched '}'
============ Job Information ===================================================
Submitted: 2026-07-06T12:28:43
Started: 2026-07-06T12:31:43
Ended: 2026-07-06T12:45:47
Elapsed: 15 min, Limit: 1440 min, Difference: 1425 min
CPUs: 16, Nodes: 1
Estimated credit Consumption: 37.50 core-hours
================================================================================
